main.c:104:5:main	128	static
main.c:193:6:SystemClock_Config	96	static
main.c:242:13:MX_DFSDM1_Init	8	static
main.c:327:13:MX_I2C2_Init	8	static
main.c:373:13:MX_TIM2_Init	40	static
main.c:418:13:MX_USART1_UART_Init	8	static
main.c:453:13:MX_GPIO_Init	48	static
main.c:505:6:HAL_GPIO_EXTI_Callback	16	static
main.c:522:6:StartDefaultTask	24	static
main.c:552:6:start_accelero	16	static
main.c:582:6:start_button	16	static
main.c:604:6:start_mic	16	static
main.c:642:6:HAL_TIM_PeriodElapsedCallback	16	static
main.c:659:6:Error_Handler	4	static,ignoring_inline_asm
